<html>
<body>
<pre>
<h1>µVision Build Log</h1>
<h2>Tool Versions:</h2>
IDE-Version: ¦ÌVision V5.36.0.0
Copyright (C) 2021 ARM Ltd and ARM Germany GmbH. All rights reserved.
License Information: 1 ÐìÁ¢¾û, 1, LIC=585FJ-U9K30-X7MRZ-J5KK6-32TWD-7BLKA
 
Tool Versions:
Toolchain:       MDK-ARM Plus  Version: 5.36.0.0
Toolchain Path:  C:\Keil_v5\ARM\ARMCC\Bin
C Compiler:      Armcc.exe V5.06 update 7 (build 960)
Assembler:       Armasm.exe V5.06 update 7 (build 960)
Linker/Locator:  ArmLink.exe V5.06 update 7 (build 960)
Library Manager: ArmAr.exe V5.06 update 7 (build 960)
Hex Converter:   FromElf.exe V5.06 update 7 (build 960)
CPU DLL:         SARMCM3.DLL V5.36.0.0
Dialog DLL:      DCM.DLL V1.17.3.0
Target DLL:      STLink\ST-LINKIII-KEIL_SWO.dll V3.0.9.0
Dialog DLL:      TCM.DLL V1.53.0.0
 
<h2>Project:</h2>
h:\STM32F407Ä£°å\STM32F407\USER\STM32F407.uvprojx
Project File Date:  04/28/2024

<h2>Output:</h2>
*** Using Compiler 'V5.06 update 7 (build 960)', folder: 'C:\Keil_v5\ARM\ARMCC\Bin'
Build target 'STM32F407'
Note: source file '..\SYSTEM\delay\delay.c' - object file renamed from '.\Objects\delay.o' to '.\Objects\delay_1.o'.
Note: source file '..\SYSTEM\usart\usart.c' - object file renamed from '.\Objects\usart.o' to '.\Objects\usart_1.o'.
compiling main.c...
main.c(44): warning:  #111-D: statement is unreachable
  	return 0;
main.c(18): warning:  #177-D: variable "count"  was declared but never referenced
  	unsigned int count = 0;
main.c: 2 warnings, 0 errors
compiling PPM_Decoder.c...
PPM_Decoder.c(80): warning:  #177-D: variable "pulseWidth"  was declared but never referenced
      uint16_t pulseWidth = IC1Value;
PPM_Decoder.c(7): warning:  #550-D: variable "IC2Value"  was set but never used
  static uint32_t IC1Value, IC2Value;
PPM_Decoder.c(8): warning:  #177-D: variable "DutyCycle"  was declared but never referenced
  static float DutyCycle,Frequency;
PPM_Decoder.c(8): warning:  #177-D: variable "Frequency"  was declared but never referenced
  static float DutyCycle,Frequency;
PPM_Decoder.c: 4 warnings, 0 errors
linking...
Program Size: Code=3684 RO-data=424 RW-data=48 ZI-data=1632  
FromELF: creating hex file...
".\Objects\STM32F407.axf" - 0 Error(s), 6 Warning(s).

<h2>Software Packages used:</h2>

Package Vendor: Keil
                https://www.keil.com/pack/Keil.STM32F4xx_DFP.2.17.1.pack
                Keil.STM32F4xx_DFP.2.17.1
                STMicroelectronics STM32F4 Series Device Support, Drivers and Examples

<h2>Collection of Component include folders:</h2>
  C:\Users\Administrator\AppData\Local\Arm\Packs\Keil\STM32F4xx_DFP\2.17.1\Drivers\CMSIS\Device\ST\STM32F4xx\Include

<h2>Collection of Component Files used:</h2>
Build Time Elapsed:  00:00:01
</pre>
</body>
</html>
